#
# There is insufficient memory for the Java Runtime Environment to continue.
# Native memory allocation (mmap) failed to map 9437184 bytes. Error detail: G1 virtual space
# Possible reasons:
#   The system is out of physical RAM or swap space
#   This process is running with CompressedOops enabled, and the Java Heap may be blocking the growth of the native heap
# Possible solutions:
#   Reduce memory load on the system
#   Increase physical memory or swap space
#   Check if swap backing store is full
#   Decrease Java heap size (-Xmx/-Xms)
#   Decrease number of Java threads
#   Decrease Java thread stack sizes (-Xss)
#   Set larger code cache with -XX:ReservedCodeCacheSize=
#   JVM is running with Unscaled Compressed Oops mode in which the Java heap is
#     placed in the first 4GB address space. The Java Heap base address is the
#     maximum limit for the native heap growth. Please use -XX:HeapBaseMinAddress
#     to set the Java Heap base and to place the Java Heap above 4GB virtual address.
# This output file may be truncated or incomplete.
#
#  Out of Memory Error (os_windows.cpp:3714), pid=2044, tid=13948
#
# JRE version: OpenJDK Runtime Environment Corretto-21.0.10.7.1 (21.0.10+7) (build 21.0.10+7-LTS)
# Java VM: OpenJDK 64-Bit Server VM Corretto-21.0.10.7.1 (21.0.10+7-LTS, mixed mode, sharing, tiered, compressed oops, compressed class ptrs, g1 gc, windows-amd64)
# No core dump will be written. Minidumps are not enabled by default on client versions of Windows
#

---------------  S U M M A R Y ------------

Command Line: -javaagent:C:\Program Files\JetBrains\IntelliJ IDEA Community Edition 2024.1\lib\idea_rt.jar=15484:C:\Program Files\JetBrains\IntelliJ IDEA Community Edition 2024.1\bin -Dfile.encoding=UTF-8 -Dsun.stdout.encoding=UTF-8 -Dsun.stderr.encoding=UTF-8 com.trustflow.cms_risk_service.CmsRiskServiceApplication

Host: AMD Ryzen 5 3500U with Radeon Vega Mobile Gfx  , 8 cores, 6G,  Windows 11 , 64 bit Build 26100 (10.0.26100.7920)
Time: Wed Apr 29 22:08:09 2026 elapsed time: 484.660067 seconds (0d 0h 8m 4s)

---------------  T H R E A D  ---------------

Current thread (0x000001727b5c5dc0):  VMThread "VM Thread"          [id=13948, stack(0x0000002817900000,0x0000002817a00000) (1024K)]

Stack: [0x0000002817900000,0x0000002817a00000]
Native frames: (J=compiled Java code, j=interpreted, Vv=VM code, C=native code)
V  [jvm.dll+0x6df2b9]
V  [jvm.dll+0x8bbdeb]
V  [jvm.dll+0x8be37a]
V  [jvm.dll+0x8bea53]
V  [jvm.dll+0x28a7a6]
V  [jvm.dll+0x6dbc15]
V  [jvm.dll+0x6cfbca]
V  [jvm.dll+0x364f6e]
V  [jvm.dll+0x36ce3b]
V  [jvm.dll+0x3be8d9]
V  [jvm.dll+0x3beb7b]
V  [jvm.dll+0x339137]
V  [jvm.dll+0x33b946]
V  [jvm.dll+0x345d2f]
V  [jvm.dll+0x37b75f]
V  [jvm.dll+0x8c47af]
V  [jvm.dll+0x8c5c93]
V  [jvm.dll+0x8c6204]
V  [jvm.dll+0x8c6303]
V  [jvm.dll+0x866b5d]
V  [jvm.dll+0x6ddabd]
C  [ucrtbase.dll+0x37b0]
C  [KERNEL32.DLL+0x2e8d7]
C  [ntdll.dll+0x8c48c]

VM_Operation (0x00000028174ff9a0): G1PauseRemark, mode: safepoint, requested by thread 0x000001726c29ca70


---------------  P R O C E S S  ---------------

Threads class SMR info:
_java_thread_list=0x000001727b441720, length=39, elements={
0x000001727b5e1f90, 0x000001727b5e5770, 0x000001727b5eb220, 0x000001727b5ee290,
0x000001727b5ef860, 0x000001727b5f0ca0, 0x000001727b5ffbf0, 0x000001727b603210,
0x00000172542c6050, 0x000001725431aa00, 0x00000172546c5180, 0x00000172577b0700,
0x0000017255eb5440, 0x00000172542eb920, 0x00000172549c0e60, 0x00000172549c14f0,
0x00000172549c35c0, 0x00000172549c3c50, 0x00000172549c1b80, 0x00000172549c42e0,
0x00000172549c2f30, 0x00000172566e0f20, 0x00000172566e1c40, 0x00000172566df4e0,
0x00000172566e0200, 0x00000172566e22d0, 0x00000172566e2960, 0x00000172566e15b0,
0x00000172566e2ff0, 0x00000172566dfb70, 0x00000172566e3680, 0x00000172566e3d10,
0x00000172566e0890, 0x00000172566e43a0, 0x00000172566e6470, 0x0000017259da4aa0,
0x0000017259da1cb0, 0x0000017259da5130, 0x0000017259da36f0
}

Java Threads: ( => current thread )
  0x000001727b5e1f90 JavaThread "Reference Handler"          daemon [_thread_blocked, id=32676, stack(0x0000002817a00000,0x0000002817b00000) (1024K)]
  0x000001727b5e5770 JavaThread "Finalizer"                  daemon [_thread_blocked, id=26348, stack(0x0000002817b00000,0x0000002817c00000) (1024K)]
  0x000001727b5eb220 JavaThread "Signal Dispatcher"          daemon [_thread_blocked, id=21608, stack(0x0000002817c00000,0x0000002817d00000) (1024K)]
  0x000001727b5ee290 JavaThread "Attach Listener"            daemon [_thread_blocked, id=29680, stack(0x0000002817d00000,0x0000002817e00000) (1024K)]
  0x000001727b5ef860 JavaThread "Service Thread"             daemon [_thread_blocked, id=29608, stack(0x0000002817e00000,0x0000002817f00000) (1024K)]
  0x000001727b5f0ca0 JavaThread "Monitor Deflation Thread"   daemon [_thread_blocked, id=30788, stack(0x0000002817f00000,0x0000002818000000) (1024K)]
  0x000001727b5ffbf0 JavaThread "C2 CompilerThread0"         daemon [_thread_blocked, id=8268, stack(0x0000002818000000,0x0000002818100000) (1024K)]
  0x000001727b603210 JavaThread "C1 CompilerThread0"         daemon [_thread_blocked, id=13888, stack(0x0000002818100000,0x0000002818200000) (1024K)]
  0x00000172542c6050 JavaThread "Common-Cleaner"             daemon [_thread_blocked, id=14436, stack(0x0000002818200000,0x0000002818300000) (1024K)]
  0x000001725431aa00 JavaThread "Monitor Ctrl-Break"         daemon [_thread_in_native, id=31316, stack(0x0000002818400000,0x0000002818500000) (1024K)]
  0x00000172546c5180 JavaThread "Notification Thread"        daemon [_thread_blocked, id=22100, stack(0x0000002818500000,0x0000002818600000) (1024K)]
  0x00000172577b0700 JavaThread "Catalina-utility-1"                [_thread_blocked, id=26844, stack(0x0000002818f00000,0x0000002819000000) (1024K)]
  0x0000017255eb5440 JavaThread "Catalina-utility-2"                [_thread_blocked, id=1332, stack(0x0000002819000000,0x0000002819100000) (1024K)]
  0x00000172542eb920 JavaThread "container-0"                       [_thread_blocked, id=12236, stack(0x0000002819100000,0x0000002819200000) (1024K)]
  0x00000172549c0e60 JavaThread "PostgreSQL-JDBC-Cleaner"    daemon [_thread_blocked, id=15616, stack(0x0000002819300000,0x0000002819400000) (1024K)]
  0x00000172549c14f0 JavaThread "HikariPool-1:housekeeper"   daemon [_thread_blocked, id=32236, stack(0x0000002819400000,0x0000002819500000) (1024K)]
  0x00000172549c35c0 JavaThread "HttpClient-1-SelectorManager" daemon [_thread_blocked, id=31728, stack(0x0000002818d00000,0x0000002818e00000) (1024K)]
  0x00000172549c3c50 JavaThread "HttpClient-2-SelectorManager" daemon [_thread_blocked, id=26000, stack(0x0000002819600000,0x0000002819700000) (1024K)]
  0x00000172549c1b80 JavaThread "http-nio-9094-exec-1"       daemon [_thread_blocked, id=21600, stack(0x0000002819700000,0x0000002819800000) (1024K)]
  0x00000172549c42e0 JavaThread "http-nio-9094-exec-2"       daemon [_thread_blocked, id=848, stack(0x0000002819800000,0x0000002819900000) (1024K)]
  0x00000172549c2f30 JavaThread "http-nio-9094-exec-3"       daemon [_thread_blocked, id=20232, stack(0x0000002819900000,0x0000002819a00000) (1024K)]
  0x00000172566e0f20 JavaThread "http-nio-9094-exec-4"       daemon [_thread_blocked, id=2124, stack(0x0000002819a00000,0x0000002819b00000) (1024K)]
  0x00000172566e1c40 JavaThread "http-nio-9094-exec-5"       daemon [_thread_blocked, id=16236, stack(0x0000002819b00000,0x0000002819c00000) (1024K)]
  0x00000172566df4e0 JavaThread "http-nio-9094-exec-6"       daemon [_thread_blocked, id=5960, stack(0x0000002819c00000,0x0000002819d00000) (1024K)]
  0x00000172566e0200 JavaThread "http-nio-9094-exec-7"       daemon [_thread_blocked, id=26900, stack(0x0000002819d00000,0x0000002819e00000) (1024K)]
  0x00000172566e22d0 JavaThread "http-nio-9094-exec-8"       daemon [_thread_blocked, id=6608, stack(0x0000002819e00000,0x0000002819f00000) (1024K)]
  0x00000172566e2960 JavaThread "http-nio-9094-exec-9"       daemon [_thread_blocked, id=29452, stack(0x0000002819f00000,0x000000281a000000) (1024K)]
  0x00000172566e15b0 JavaThread "http-nio-9094-exec-10"      daemon [_thread_blocked, id=29820, stack(0x000000281a000000,0x000000281a100000) (1024K)]
  0x00000172566e2ff0 JavaThread "http-nio-9094-Poller"       daemon [_thread_blocked, id=20224, stack(0x000000281a100000,0x000000281a200000) (1024K)]
  0x00000172566dfb70 JavaThread "http-nio-9094-Acceptor"     daemon [_thread_in_native, id=12188, stack(0x000000281a200000,0x000000281a300000) (1024K)]
  0x00000172566e3680 JavaThread "ThreadPoolTaskScheduler-1"         [_thread_blocked, id=9788, stack(0x000000281a300000,0x000000281a400000) (1024K)]
  0x00000172566e3d10 JavaThread "org.springframework.kafka.KafkaListenerEndpointContainer#0-0-C-1"        [_thread_blocked, id=13436, stack(0x000000281a400000,0x000000281a500000) (1024K)]
  0x00000172566e0890 JavaThread "scheduling-1"                      [_thread_blocked, id=9432, stack(0x000000281a500000,0x000000281a600000) (1024K)]
  0x00000172566e43a0 JavaThread "DestroyJavaVM"                     [_thread_blocked, id=9152, stack(0x0000002817200000,0x0000002817300000) (1024K)]
  0x00000172566e6470 JavaThread "kafka-coordinator-heartbeat-thread | cms-risk-service" daemon [_thread_blocked, id=26916, stack(0x0000002818c00000,0x0000002818d00000) (1024K)]
  0x0000017259da4aa0 JavaThread "pool-2-thread-1"                   [_thread_blocked, id=5344, stack(0x000000281a800000,0x000000281a900000) (1024K)]
  0x0000017259da1cb0 JavaThread "ForkJoinPool.commonPool-worker-2" daemon [_thread_blocked, id=13148, stack(0x000000281a900000,0x000000281aa00000) (1024K)]
  0x0000017259da5130 JavaThread "kafka-producer-network-thread | cms-risk-service-producer-1" daemon [_thread_in_native, id=22732, stack(0x000000281aa00000,0x000000281ab00000) (1024K)]
  0x0000017259da36f0 JavaThread "pool-2-thread-2"                   [_thread_blocked, id=19380, stack(0x0000002816f00000,0x0000002817000000) (1024K)]
Total: 39

Other Threads:
=>0x000001727b5c5dc0 VMThread "VM Thread"                           [id=13948, stack(0x0000002817900000,0x0000002817a00000) (1024K)]
  0x000001727b5b41a0 WatcherThread "VM Periodic Task Thread"        [id=3864, stack(0x0000002817800000,0x0000002817900000) (1024K)]
  0x000001726c28dc80 WorkerThread "GC Thread#0"                     [id=32016, stack(0x0000002817300000,0x0000002817400000) (1024K)]
  0x0000017254dd7050 WorkerThread "GC Thread#1"                     [id=12924, stack(0x0000002818300000,0x0000002818400000) (1024K)]
  0x00000172548c8080 WorkerThread "GC Thread#2"                     [id=6036, stack(0x0000002818600000,0x0000002818700000) (1024K)]
  0x00000172549d8aa0 WorkerThread "GC Thread#3"                     [id=4724, stack(0x0000002818700000,0x0000002818800000) (1024K)]
  0x0000017254d96f80 WorkerThread "GC Thread#4"                     [id=20652, stack(0x0000002818800000,0x0000002818900000) (1024K)]
  0x0000017254dc55f0 WorkerThread "GC Thread#5"                     [id=6532, stack(0x0000002818900000,0x0000002818a00000) (1024K)]
  0x0000017254883790 WorkerThread "GC Thread#6"                     [id=17636, stack(0x0000002818a00000,0x0000002818b00000) (1024K)]
  0x0000017254883b40 WorkerThread "GC Thread#7"                     [id=12836, stack(0x0000002818b00000,0x0000002818c00000) (1024K)]
  0x000001726c29ca70 ConcurrentGCThread "G1 Main Marker"            [id=11696, stack(0x0000002817400000,0x0000002817500000) (1024K)]
  0x000001726c2a0820 WorkerThread "G1 Conc#0"                       [id=13076, stack(0x0000002817500000,0x0000002817600000) (1024K)]
  0x00000172557dc820 WorkerThread "G1 Conc#1"                       [id=28140, stack(0x0000002818e00000,0x0000002818f00000) (1024K)]
  0x000001727b4833e0 ConcurrentGCThread "G1 Refine#0"               [id=28116, stack(0x0000002817600000,0x0000002817700000) (1024K)]
  0x000001727b484e10 ConcurrentGCThread "G1 Service"                [id=26628, stack(0x0000002817700000,0x0000002817800000) (1024K)]
Total: 15

Threads with active compile tasks:
Total: 0

VM state: at safepoint (normal execution)

VM Mutex/Monitor currently owned by a thread:  ([mutex/lock_event])
[0x00007ff9daea65b0] Threads_lock - owner thread: 0x000001727b5c5dc0
[0x00007ff9daea66b0] Heap_lock - owner thread: 0x000001726c29ca70

Heap address: 0x0000000091000000, size: 1776 MB, Compressed Oops mode: 32-bit

CDS archive(s) mapped at: [0x000001720f000000-0x000001720fc80000-0x000001720fc80000), size 13107200, SharedBaseAddress: 0x000001720f000000, ArchiveRelocationMode: 1.
Compressed class space mapped at: 0x0000017210000000-0x0000017250000000, reserved size: 1073741824
Narrow klass base: 0x000001720f000000, Narrow klass shift: 0, Narrow klass range: 0x100000000

GC Precious Log:
 CardTable entry size: 512
 Card Set container configuration: InlinePtr #cards 5 size 8 Array Of Cards #cards 12 size 40 Howl #buckets 4 coarsen threshold 1843 Howl Bitmap #cards 512 size 80 coarsen threshold 460 Card regions per heap region 1 cards per card region 2048
 CPUs: 8 total, 8 available
 Memory: 7103M
 Large Page Support: Disabled
 NUMA Support: Disabled
 Compressed Oops: Enabled (32-bit)
 Heap Region Size: 1M
 Heap Min Capacity: 8M
 Heap Initial Capacity: 112M
 Heap Max Capacity: 1776M
 Pre-touch: Disabled
 Parallel Workers: 8
 Concurrent Workers: 2
 Concurrent Refinement Workers: 8
 Periodic GC: Disabled

Heap:
 garbage-first heap   total 81920K, used 53691K [0x0000000091000000, 0x0000000100000000)
  region size 1024K, 5 young (5120K), 4 survivors (4096K)
 Metaspace       used 113786K, committed 114880K, reserved 1179648K
  class space    used 14952K, committed 15424K, reserved 1048576K

Heap Regions: E=young(eden), S=young(survivor), O=old, HS=humongous(starts), HC=humongous(continues), CS=collection set, F=free, TAMS=top-at-mark-start, PB=parsable bottom
|   0|0x0000000091000000, 0x0000000091100000, 0x0000000091100000|100%|HS|  |TAMS 0x0000000091100000| PB 0x0000000091000000| Complete 
|   1|0x0000000091100000, 0x0000000091200000, 0x0000000091200000|100%|HS|  |TAMS 0x0000000091200000| PB 0x0000000091100000| Complete 
|   2|0x0000000091200000, 0x0000000091300000, 0x0000000091300000|100%| O|  |TAMS 0x0000000091300000| PB 0x0000000091300000| Untracked 
|   3|0x0000000091300000, 0x0000000091400000, 0x0000000091400000|100%| O|  |TAMS 0x0000000091400000| PB 0x0000000091400000| Untracked 
|   4|0x0000000091400000, 0x0000000091500000, 0x0000000091500000|100%| O|  |TAMS 0x0000000091500000| PB 0x0000000091500000| Untracked 
|   5|0x0000000091500000, 0x0000000091600000, 0x0000000091600000|100%| O|  |TAMS 0x0000000091600000| PB 0x0000000091600000| Untracked 
|   6|0x0000000091600000, 0x0000000091700000, 0x0000000091700000|100%| O|  |TAMS 0x0000000091700000| PB 0x0000000091700000| Untracked 
|   7|0x0000000091700000, 0x0000000091800000, 0x0000000091800000|100%| O|  |TAMS 0x0000000091800000| PB 0x0000000091800000| Untracked 
|   8|0x0000000091800000, 0x0000000091900000, 0x0000000091900000|100%| O|  |TAMS 0x0000000091900000| PB 0x0000000091900000| Untracked 
|   9|0x0000000091900000, 0x0000000091a00000, 0x0000000091a00000|100%| O|  |TAMS 0x0000000091a00000| PB 0x0000000091a00000| Untracked 
|  10|0x0000000091a00000, 0x0000000091b00000, 0x0000000091b00000|100%| O|  |TAMS 0x0000000091a00000| PB 0x0000000091a00000| Untracked 
|  11|0x0000000091b00000, 0x0000000091c00000, 0x0000000091c00000|100%| O|  |TAMS 0x0000000091c00000| PB 0x0000000091c00000| Untracked 
|  12|0x0000000091c00000, 0x0000000091d00000, 0x0000000091d00000|100%| O|  |TAMS 0x0000000091d00000| PB 0x0000000091d00000| Untracked 
|  13|0x0000000091d00000, 0x0000000091e00000, 0x0000000091e00000|100%| O|  |TAMS 0x0000000091e00000| PB 0x0000000091e00000| Untracked 
|  14|0x0000000091e00000, 0x0000000091f00000, 0x0000000091f00000|100%| O|  |TAMS 0x0000000091f00000| PB 0x0000000091f00000| Untracked 
|  15|0x0000000091f00000, 0x0000000092000000, 0x0000000092000000|100%| O|  |TAMS 0x0000000092000000| PB 0x0000000092000000| Updating 
|  16|0x0000000092000000, 0x0000000092100000, 0x0000000092100000|100%| O|  |TAMS 0x0000000092100000| PB 0x0000000092100000| Updating 
|  17|0x0000000092100000, 0x0000000092200000, 0x0000000092200000|100%| O|  |TAMS 0x0000000092200000| PB 0x0000000092200000| Updating 
|  18|0x0000000092200000, 0x0000000092300000, 0x0000000092300000|100%| O|  |TAMS 0x0000000092300000| PB 0x0000000092300000| Updating 
|  19|0x0000000092300000, 0x0000000092400000, 0x0000000092400000|100%| O|  |TAMS 0x0000000092400000| PB 0x0000000092400000| Updating 
|  20|0x0000000092400000, 0x0000000092500000, 0x0000000092500000|100%| O|  |TAMS 0x0000000092500000| PB 0x0000000092500000| Untracked 
|  21|0x0000000092500000, 0x0000000092600000, 0x0000000092600000|100%| O|  |TAMS 0x0000000092600000| PB 0x0000000092600000| Untracked 
|  22|0x0000000092600000, 0x000000009266ed68, 0x0000000092700000| 43%| O|  |TAMS 0x0000000092600000| PB 0x0000000092600000| Updating 
|  23|0x0000000092700000, 0x0000000092800000, 0x0000000092800000|100%| O|  |TAMS 0x0000000092800000| PB 0x0000000092800000| Updating 
|  24|0x0000000092800000, 0x0000000092900000, 0x0000000092900000|100%| O|  |TAMS 0x0000000092900000| PB 0x0000000092900000| Untracked 
|  25|0x0000000092900000, 0x0000000092a00000, 0x0000000092a00000|100%| O|  |TAMS 0x0000000092a00000| PB 0x0000000092a00000| Untracked 
|  26|0x0000000092a00000, 0x0000000092b00000, 0x0000000092b00000|100%| O|  |TAMS 0x0000000092b00000| PB 0x0000000092b00000| Untracked 
|  27|0x0000000092b00000, 0x0000000092c00000, 0x0000000092c00000|100%| O|  |TAMS 0x0000000092c00000| PB 0x0000000092c00000| Untracked 
|  28|0x0000000092c00000, 0x0000000092d00000, 0x0000000092d00000|100%| O|  |TAMS 0x0000000092d00000| PB 0x0000000092d00000| Updating 
|  29|0x0000000092d00000, 0x0000000092e00000, 0x0000000092e00000|100%| O|  |TAMS 0x0000000092e00000| PB 0x0000000092e00000| Untracked 
|  30|0x0000000092e00000, 0x0000000092f00000, 0x0000000092f00000|100%| O|  |TAMS 0x0000000092f00000| PB 0x0000000092f00000| Updating 
|  31|0x0000000092f00000, 0x0000000093000000, 0x0000000093000000|100%| O|  |TAMS 0x0000000093000000| PB 0x0000000093000000| Untracked 
|  32|0x0000000093000000, 0x0000000093100000, 0x0000000093100000|100%| O|  |TAMS 0x0000000093100000| PB 0x0000000093100000| Updating 
|  33|0x0000000093100000, 0x0000000093200000, 0x0000000093200000|100%| O|  |TAMS 0x0000000093200000| PB 0x0000000093200000| Untracked 
|  34|0x0000000093200000, 0x0000000093300000, 0x0000000093300000|100%| O|  |TAMS 0x0000000093300000| PB 0x0000000093300000| Untracked 
|  35|0x0000000093300000, 0x0000000093400000, 0x0000000093400000|100%| O|  |TAMS 0x0000000093400000| PB 0x0000000093400000| Updating 
|  36|0x0000000093400000, 0x0000000093500000, 0x0000000093500000|100%| O|  |TAMS 0x0000000093500000| PB 0x0000000093500000| Untracked 
|  37|0x0000000093500000, 0x0000000093600000, 0x0000000093600000|100%| O|  |TAMS 0x0000000093600000| PB 0x0000000093600000| Untracked 
|  38|0x0000000093600000, 0x0000000093700000, 0x0000000093700000|100%| O|  |TAMS 0x0000000093700000| PB 0x0000000093700000| Untracked 
|  39|0x0000000093700000, 0x0000000093800000, 0x0000000093800000|100%| O|  |TAMS 0x0000000093800000| PB 0x0000000093800000| Updating 
|  40|0x0000000093800000, 0x0000000093900000, 0x0000000093900000|100%| O|  |TAMS 0x0000000093900000| PB 0x0000000093900000| Updating 
|  41|0x0000000093900000, 0x0000000093a00000, 0x0000000093a00000|100%| O|  |TAMS 0x0000000093a00000| PB 0x0000000093a00000| Updating 
|  42|0x0000000093a00000, 0x0000000093b00000, 0x0000000093b00000|100%| O|  |TAMS 0x0000000093b00000| PB 0x0000000093b00000| Untracked 
|  43|0x0000000093b00000, 0x0000000093c00000, 0x0000000093c00000|100%| O|  |TAMS 0x0000000093c00000| PB 0x0000000093c00000| Untracked 
|  44|0x0000000093c00000, 0x0000000093d00000, 0x0000000093d00000|100%| O|  |TAMS 0x0000000093d00000| PB 0x0000000093d00000| Updating 
|  45|0x0000000093d00000, 0x0000000093e00000, 0x0000000093e00000|100%| O|  |TAMS 0x0000000093e00000| PB 0x0000000093e00000| Untracked 
|  46|0x0000000093e00000, 0x0000000093f00000, 0x0000000093f00000|100%| O|  |TAMS 0x0000000093f00000| PB 0x0000000093f00000| Untracked 
|  47|0x0000000093f00000, 0x0000000094000000, 0x0000000094000000|100%| O|  |TAMS 0x0000000093f89370| PB 0x0000000093f89370| Untracked 
|  48|0x0000000094000000, 0x0000000094000000, 0x0000000094100000|  0%| F|  |TAMS 0x0000000094000000| PB 0x0000000094000000| Untracked 
|  49|0x0000000094100000, 0x0000000094100000, 0x0000000094200000|  0%| F|  |TAMS 0x0000000094100000| PB 0x0000000094100000| Untracked 
|  50|0x0000000094200000, 0x0000000094200000, 0x0000000094300000|  0%| F|  |TAMS 0x0000000094200000| PB 0x0000000094200000| Untracked 
|  51|0x0000000094300000, 0x0000000094300000, 0x0000000094400000|  0%| F|  |TAMS 0x0000000094300000| PB 0x0000000094300000| Untracked 
|  52|0x0000000094400000, 0x0000000094500000, 0x0000000094500000|100%| S|CS|TAMS 0x0000000094400000| PB 0x0000000094400000| Complete 
|  53|0x0000000094500000, 0x0000000094600000, 0x0000000094600000|100%| S|CS|TAMS 0x0000000094500000| PB 0x0000000094500000| Complete 
|  54|0x0000000094600000, 0x0000000094700000, 0x0000000094700000|100%| S|CS|TAMS 0x0000000094600000| PB 0x0000000094600000| Complete 
|  55|0x0000000094700000, 0x0000000094800000, 0x0000000094800000|100%| S|CS|TAMS 0x0000000094700000| PB 0x0000000094700000| Complete 
|  56|0x0000000094800000, 0x0000000094800000, 0x0000000094900000|  0%| F|  |TAMS 0x0000000094800000| PB 0x0000000094800000| Untracked 
|  57|0x0000000094900000, 0x0000000094900000, 0x0000000094a00000|  0%| F|  |TAMS 0x0000000094900000| PB 0x0000000094900000| Untracked 
|  58|0x0000000094a00000, 0x0000000094a00000, 0x0000000094b00000|  0%| F|  |TAMS 0x0000000094a00000| PB 0x0000000094a00000| Untracked 
|  59|0x0000000094b00000, 0x0000000094b00000, 0x0000000094c00000|  0%| F|  |TAMS 0x0000000094b00000| PB 0x0000000094b00000| Untracked 
|  60|0x0000000094c00000, 0x0000000094c00000, 0x0000000094d00000|  0%| F|  |TAMS 0x0000000094c00000| PB 0x0000000094c00000| Untracked 
|  61|0x0000000094d00000, 0x0000000094d00000, 0x0000000094e00000|  0%| F|  |TAMS 0x0000000094d00000| PB 0x0000000094d00000| Untracked 
|  62|0x0000000094e00000, 0x0000000094e00000, 0x0000000094f00000|  0%| F|  |TAMS 0x0000000094e00000| PB 0x0000000094e00000| Untracked 
|  63|0x0000000094f00000, 0x0000000094f00000, 0x0000000095000000|  0%| F|  |TAMS 0x0000000094f00000| PB 0x0000000094f00000| Untracked 
|  64|0x0000000095000000, 0x0000000095000000, 0x0000000095100000|  0%| F|  |TAMS 0x0000000095000000| PB 0x0000000095000000| Untracked 
|  65|0x0000000095100000, 0x0000000095100000, 0x0000000095200000|  0%| F|  |TAMS 0x0000000095100000| PB 0x0000000095100000| Untracked 
|  66|0x0000000095200000, 0x0000000095200000, 0x0000000095300000|  0%| F|  |TAMS 0x0000000095200000| PB 0x0000000095200000| Untracked 
|  67|0x0000000095300000, 0x0000000095300000, 0x0000000095400000|  0%| F|  |TAMS 0x0000000095300000| PB 0x0000000095300000| Untracked 
|  68|0x0000000095400000, 0x0000000095400000, 0x0000000095500000|  0%| F|  |TAMS 0x0000000095400000| PB 0x0000000095400000| Untracked 
|  69|0x0000000095500000, 0x0000000095500000, 0x0000000095600000|  0%| F|  |TAMS 0x0000000095500000| PB 0x0000000095500000| Untracked 
|  70|0x0000000095600000, 0x0000000095600000, 0x0000000095700000|  0%| F|  |TAMS 0x0000000095600000| PB 0x0000000095600000| Untracked 
|  71|0x0000000095700000, 0x0000000095700000, 0x0000000095800000|  0%| F|  |TAMS 0x0000000095700000| PB 0x0000000095700000| Untracked 
|  72|0x0000000095800000, 0x0000000095800000, 0x0000000095900000|  0%| F|  |TAMS 0x0000000095800000| PB 0x0000000095800000| Untracked 
|  73|0x0000000095900000, 0x0000000095900000, 0x0000000095a00000|  0%| F|  |TAMS 0x0000000095900000| PB 0x0000000095900000| Untracked 
|  74|0x0000000095a00000, 0x0000000095a00000, 0x0000000095b00000|  0%| F|  |TAMS 0x0000000095a00000| PB 0x0000000095a00000| Untracked 
|  75|0x0000000095b00000, 0x0000000095b00000, 0x0000000095c00000|  0%| F|  |TAMS 0x0000000095b00000| PB 0x0000000095b00000| Untracked 
|  76|0x0000000095c00000, 0x0000000095c00000, 0x0000000095d00000|  0%| F|  |TAMS 0x0000000095c00000| PB 0x0000000095c00000| Untracked 
|  77|0x0000000095d00000, 0x0000000095d00000, 0x0000000095e00000|  0%| F|  |TAMS 0x0000000095d00000| PB 0x0000000095d00000| Untracked 
| 111|0x0000000097f00000, 0x0000000097f34d40, 0x0000000098000000| 20%| E|  |TAMS 0x0000000097f00000| PB 0x0000000097f00000| Complete 
|1775|0x00000000fff00000, 0x0000000100000000, 0x0000000100000000|100%| O|  |TAMS 0x0000000100000000| PB 0x0000000100000000| Updating 

Card table byte_map: [0x0000017277010000,0x0000017277390000] _byte_map_base: 0x0000017276b88000

Marking Bits: (CMBitMap*) 0x000001726c28e390
 Bits: [0x0000017277390000, 0x0000017278f50000)

Polling page: 0x000001726c150000

Metaspace:

Usage:
  Non-class:     96.52 MB used.
      Class:     14.60 MB used.
       Both:    111.12 MB used.

Virtual space:
  Non-class space:      128.00 MB reserved,      97.12 MB ( 76%) committed,  2 nodes.
      Class space:        1.00 GB reserved,      15.06 MB (  1%) committed,  1 nodes.
             Both:        1.12 GB reserved,     112.19 MB ( 10%) committed. 

Chunk freelists:
   Non-Class:  14.48 MB
       Class:  970.00 KB
        Both:  15.43 MB

MaxMetaspaceSize: unlimited
CompressedClassSpaceSize: 1.00 GB
Initial GC threshold: 21.00 MB
Current GC threshold: 175.75 MB
CDS: on
 - commit_granule_bytes: 65536.
 - commit_granule_words: 8192.
 - virtual_space_node_default_size: 8388608.
 - enlarge_chunks_in_place: 1.
 - use_allocation_guard: 0.


Internal statistics:

num_allocs_failed_limit: 8.
num_arena_births: 1720.
num_arena_deaths: 4.
num_vsnodes_births: 3.
num_vsnodes_deaths: 0.
num_space_committed: 1795.
num_space_uncommitted: 0.
num_chunks_returned_to_freelist: 14.
num_chunks_taken_from_freelist: 5743.
num_chunk_merges: 8.
num_chunk_splits: 4250.
num_chunks_enlarged: 3367.
num_inconsistent_stats: 0.

CodeHeap 'non-profiled nmethods': size=120000Kb used=4883Kb max_used=6119Kb free=115117Kb
 bounds [0x0000017207ad0000, 0x00000172080d0000, 0x000001720f000000]
CodeHeap 'profiled nmethods': size=120000Kb used=14261Kb max_used=18176Kb free=105738Kb
 bounds [0x0000017200000000, 0x00000172011d0000, 0x0000017207530000]
CodeHeap 'non-nmethods': size=5760Kb used=2130Kb max_used=2159Kb free=3629Kb
 bounds [0x0000017207530000, 0x00000172077a0000, 0x0000017207ad0000]
CodeCache: size=245760Kb, used=21274Kb, max_used=26454Kb, free=224484Kb
 total_blobs=8443, nmethods=7456, adapters=890, full_count=0
Compilation: enabled, stopped_count=0, restarted_count=0

Compilation events (20 events):
Event: 473.766 Thread 0x000001727b603210 11296       1       org.hibernate.query.internal.QueryOptionsImpl::isReadOnly (5 bytes)
Event: 473.766 Thread 0x000001727b603210 nmethod 11296 0x00000172080bf410 code [0x00000172080bf5a0, 0x00000172080bf668]
Event: 473.767 Thread 0x000001727b603210 11297       1       org.springframework.data.repository.query.QueryMethod::getResultProcessor (5 bytes)
Event: 473.768 Thread 0x000001727b603210 nmethod 11297 0x00000172080bf710 code [0x00000172080bf8a0, 0x00000172080bf968]
Event: 475.428 Thread 0x000001727b5ffbf0 11298   !   4       sun.nio.ch.SelectorImpl::lockAndDoSelect (87 bytes)
Event: 478.050 Thread 0x000001727b5ffbf0 nmethod 11298 0x00000172080bfa10 code [0x00000172080bff00, 0x00000172080c3c80]
Event: 478.052 Thread 0x000001727b5ffbf0 11299   !   4       sun.nio.ch.WEPollSelectorImpl::processUpdateQueue (203 bytes)
Event: 478.099 Thread 0x000001727b5ffbf0 nmethod 11299 0x00000172080c6390 code [0x00000172080c6640, 0x00000172080c79e8]
Event: 479.078 Thread 0x000001727b5ffbf0 11300       4       java.lang.ref.Reference::enqueueFromPending (19 bytes)
Event: 479.107 Thread 0x000001727b5ffbf0 nmethod 11300 0x00000172080c8590 code [0x00000172080c87c0, 0x00000172080c9050]
Event: 479.171 Thread 0x000001727b603210 11301       3       org.springframework.orm.jpa.JpaTransactionManager::obtainEntityManagerFactory (21 bytes)
Event: 479.176 Thread 0x000001727b603210 nmethod 11301 0x00000172011bf190 code [0x00000172011bf360, 0x00000172011bf640]
Event: 479.177 Thread 0x000001727b603210 11302       1       org.hibernate.boot.internal.SessionFactoryOptionsBuilder::getDefaultBatchFetchSize (5 bytes)
Event: 479.177 Thread 0x000001727b603210 nmethod 11302 0x00000172080c9410 code [0x00000172080c95a0, 0x00000172080c9668]
Event: 479.226 Thread 0x000001727b603210 11303       1       org.hibernate.boot.internal.SessionFactoryOptionsBuilder::isCommentsEnabled (5 bytes)
Event: 479.226 Thread 0x000001727b603210 nmethod 11303 0x00000172080c9710 code [0x00000172080c98a0, 0x00000172080c9970]
Event: 479.260 Thread 0x000001727b603210 11304       3       org.postgresql.jdbc.PgStatement::getMaxRows (9 bytes)
Event: 479.262 Thread 0x000001727b603210 nmethod 11304 0x00000172011bf790 code [0x00000172011bf980, 0x00000172011bff30]
Event: 479.262 Thread 0x000001727b603210 11305       1       org.springframework.data.repository.query.ResultProcessor::getReturnedType (5 bytes)
Event: 479.263 Thread 0x000001727b603210 nmethod 11305 0x00000172080c9a10 code [0x00000172080c9ba0, 0x00000172080c9c68]

GC Heap History (20 events):
Event: 17.766 GC heap before
{Heap before GC invocations=19 (full 0):
 garbage-first heap   total 70656K, used 63360K [0x0000000091000000, 0x0000000100000000)
  region size 1024K, 29 young (29696K), 4 survivors (4096K)
 Metaspace       used 79748K, committed 80512K, reserved 1179648K
  class space    used 10761K, committed 11136K, reserved 1048576K
}
Event: 17.772 GC heap after
{Heap after GC invocations=20 (full 0):
 garbage-first heap   total 71680K, used 40620K [0x0000000091000000, 0x0000000100000000)
  region size 1024K, 3 young (3072K), 3 survivors (3072K)
 Metaspace       used 79748K, committed 80512K, reserved 1179648K
  class space    used 10761K, committed 11136K, reserved 1048576K
}
Event: 18.533 GC heap before
{Heap before GC invocations=21 (full 0):
 garbage-first heap   total 71680K, used 64172K [0x0000000091000000, 0x0000000100000000)
  region size 1024K, 26 young (26624K), 3 survivors (3072K)
 Metaspace       used 82534K, committed 83392K, reserved 1179648K
  class space    used 11144K, committed 11520K, reserved 1048576K
}
Event: 18.537 GC heap after
{Heap after GC invocations=22 (full 0):
 garbage-first heap   total 71680K, used 42685K [0x0000000091000000, 0x0000000100000000)
  region size 1024K, 2 young (2048K), 2 survivors (2048K)
 Metaspace       used 82534K, committed 83392K, reserved 1179648K
  class space    used 11144K, committed 11520K, reserved 1048576K
}
Event: 19.262 GC heap before
{Heap before GC invocations=22 (full 0):
 garbage-first heap   total 71680K, used 64189K [0x0000000091000000, 0x0000000100000000)
  region size 1024K, 24 young (24576K), 2 survivors (2048K)
 Metaspace       used 85672K, committed 86592K, reserved 1179648K
  class space    used 11586K, committed 12032K, reserved 1048576K
}
Event: 19.268 GC heap after
{Heap after GC invocations=23 (full 0):
 garbage-first heap   total 71680K, used 44785K [0x0000000091000000, 0x0000000100000000)
  region size 1024K, 3 young (3072K), 3 survivors (3072K)
 Metaspace       used 85672K, committed 86592K, reserved 1179648K
  class space    used 11586K, committed 12032K, reserved 1048576K
}
Event: 19.849 GC heap before
{Heap before GC invocations=23 (full 0):
 garbage-first heap   total 71680K, used 63217K [0x0000000091000000, 0x0000000100000000)
  region size 1024K, 22 young (22528K), 3 survivors (3072K)
 Metaspace       used 91274K, committed 92160K, reserved 1179648K
  class space    used 12229K, committed 12608K, reserved 1048576K
}
Event: 19.855 GC heap after
{Heap after GC invocations=24 (full 0):
 garbage-first heap   total 71680K, used 46515K [0x0000000091000000, 0x0000000100000000)
  region size 1024K, 2 young (2048K), 2 survivors (2048K)
 Metaspace       used 91274K, committed 92160K, reserved 1179648K
  class space    used 12229K, committed 12608K, reserved 1048576K
}
Event: 20.360 GC heap before
{Heap before GC invocations=25 (full 0):
 garbage-first heap   total 78848K, used 64947K [0x0000000091000000, 0x0000000100000000)
  region size 1024K, 21 young (21504K), 2 survivors (2048K)
 Metaspace       used 97330K, committed 98240K, reserved 1179648K
  class space    used 12753K, committed 13120K, reserved 1048576K
}
Event: 20.364 GC heap after
{Heap after GC invocations=26 (full 0):
 garbage-first heap   total 78848K, used 47088K [0x0000000091000000, 0x0000000100000000)
  region size 1024K, 3 young (3072K), 3 survivors (3072K)
 Metaspace       used 97330K, committed 98240K, reserved 1179648K
  class space    used 12753K, committed 13120K, reserved 1048576K
}
Event: 330.506 GC heap before
{Heap before GC invocations=26 (full 0):
 garbage-first heap   total 78848K, used 71664K [0x0000000091000000, 0x0000000100000000)
  region size 1024K, 27 young (27648K), 3 survivors (3072K)
 Metaspace       used 99901K, committed 100864K, reserved 1179648K
  class space    used 13094K, committed 13568K, reserved 1048576K
}
Event: 330.614 GC heap after
{Heap after GC invocations=27 (full 0):
 garbage-first heap   total 78848K, used 46566K [0x0000000091000000, 0x0000000100000000)
  region size 1024K, 2 young (2048K), 2 survivors (2048K)
 Metaspace       used 99901K, committed 100864K, reserved 1179648K
  class space    used 13094K, committed 13568K, reserved 1048576K
}
Event: 358.405 GC heap before
{Heap before GC invocations=27 (full 0):
 garbage-first heap   total 78848K, used 71142K [0x0000000091000000, 0x0000000100000000)
  region size 1024K, 27 young (27648K), 2 survivors (2048K)
 Metaspace       used 106857K, committed 107840K, reserved 1179648K
  class space    used 14020K, committed 14464K, reserved 1048576K
}
Event: 358.423 GC heap after
{Heap after GC invocations=28 (full 0):
 garbage-first heap   total 78848K, used 48542K [0x0000000091000000, 0x0000000100000000)
  region size 1024K, 4 young (4096K), 4 survivors (4096K)
 Metaspace       used 106857K, committed 107840K, reserved 1179648K
  class space    used 14020K, committed 14464K, reserved 1048576K
}
Event: 358.981 GC heap before
{Heap before GC invocations=29 (full 0):
 garbage-first heap   total 81920K, used 72094K [0x0000000091000000, 0x0000000100000000)
  region size 1024K, 27 young (27648K), 4 survivors (4096K)
 Metaspace       used 107687K, committed 108672K, reserved 1179648K
  class space    used 14142K, committed 14592K, reserved 1048576K
}
Event: 358.996 GC heap after
{Heap after GC invocations=30 (full 0):
 garbage-first heap   total 81920K, used 50454K [0x0000000091000000, 0x0000000100000000)
  region size 1024K, 4 young (4096K), 4 survivors (4096K)
 Metaspace       used 107687K, committed 108672K, reserved 1179648K
  class space    used 14142K, committed 14592K, reserved 1048576K
}
Event: 360.068 GC heap before
{Heap before GC invocations=30 (full 0):
 garbage-first heap   total 81920K, used 72982K [0x0000000091000000, 0x0000000100000000)
  region size 1024K, 27 young (27648K), 4 survivors (4096K)
 Metaspace       used 110849K, committed 111872K, reserved 1179648K
  class space    used 14639K, committed 15104K, reserved 1048576K
}
Event: 360.077 GC heap after
{Heap after GC invocations=31 (full 0):
 garbage-first heap   total 81920K, used 51128K [0x0000000091000000, 0x0000000100000000)
  region size 1024K, 4 young (4096K), 4 survivors (4096K)
 Metaspace       used 110849K, committed 111872K, reserved 1179648K
  class space    used 14639K, committed 15104K, reserved 1048576K
}
Event: 478.745 GC heap before
{Heap before GC invocations=31 (full 0):
 garbage-first heap   total 81920K, used 73656K [0x0000000091000000, 0x0000000100000000)
  region size 1024K, 27 young (27648K), 4 survivors (4096K)
 Metaspace       used 113789K, committed 114880K, reserved 1179648K
  class space    used 14953K, committed 15424K, reserved 1048576K
}
Event: 479.074 GC heap after
{Heap after GC invocations=32 (full 0):
 garbage-first heap   total 81920K, used 53691K [0x0000000091000000, 0x0000000100000000)
  region size 1024K, 4 young (4096K), 4 survivors (4096K)
 Metaspace       used 113789K, committed 114880K, reserved 1179648K
  class space    used 14953K, committed 15424K, reserved 1048576K
}

Dll operation events (14 events):
Event: 0.018 Loaded shared library C:\Users\mateb\.jdks\corretto-21.0.10\bin\java.dll
Event: 0.057 Loaded shared library C:\Users\mateb\.jdks\corretto-21.0.10\bin\jsvml.dll
Event: 0.233 Loaded shared library C:\Users\mateb\.jdks\corretto-21.0.10\bin\zip.dll
Event: 0.263 Loaded shared library C:\Users\mateb\.jdks\corretto-21.0.10\bin\instrument.dll
Event: 0.276 Loaded shared library C:\Users\mateb\.jdks\corretto-21.0.10\bin\net.dll
Event: 0.280 Loaded shared library C:\Users\mateb\.jdks\corretto-21.0.10\bin\nio.dll
Event: 0.287 Loaded shared library C:\Users\mateb\.jdks\corretto-21.0.10\bin\zip.dll
Event: 0.668 Loaded shared library C:\Program Files\JetBrains\IntelliJ IDEA Community Edition 2024.1\bin\breakgen64.dll
Event: 0.685 Loaded shared library C:\Users\mateb\.jdks\corretto-21.0.10\bin\extnet.dll
Event: 0.769 Loaded shared library C:\Users\mateb\.jdks\corretto-21.0.10\bin\jimage.dll
Event: 5.452 Loaded shared library C:\Users\mateb\.jdks\corretto-21.0.10\bin\sunmscapi.dll
Event: 10.603 Loaded shared library C:\Users\mateb\.jdks\corretto-21.0.10\bin\management.dll
Event: 10.608 Loaded shared library C:\Users\mateb\.jdks\corretto-21.0.10\bin\management_ext.dll
Event: 359.681 Loaded shared library C:\Users\mateb\.jdks\corretto-21.0.10\bin\verify.dll

Deoptimization events (20 events):
Event: 413.334 Thread 0x0000017259da36f0 Uncommon trap: trap_request=0xffffffde fr.pc=0x0000017207e6290c relative=0x00000000000001cc
Event: 413.334 Thread 0x0000017259da36f0 Uncommon trap: reason=class_check action=maybe_recompile pc=0x0000017207e6290c method=java.security.MessageDigest$Delegate.engineDigest()[B @ 4 c2
Event: 413.334 Thread 0x0000017259da36f0 DEOPT PACKING pc=0x0000017207e6290c sp=0x0000002816ffea90
Event: 413.334 Thread 0x0000017259da36f0 DEOPT UNPACKING pc=0x0000017207584422 sp=0x0000002816ffe9d8 mode 2
Event: 413.334 Thread 0x0000017259da36f0 Uncommon trap: trap_request=0xffffffde fr.pc=0x0000017207e3cd20 relative=0x0000000000000860
Event: 413.334 Thread 0x0000017259da36f0 Uncommon trap: reason=class_check action=maybe_recompile pc=0x0000017207e3cd20 method=sun.security.provider.DigestBase.engineDigest([BII)I @ 97 c2
Event: 413.334 Thread 0x0000017259da36f0 DEOPT PACKING pc=0x0000017207e3cd20 sp=0x0000002816ffe940
Event: 413.334 Thread 0x0000017259da36f0 DEOPT UNPACKING pc=0x0000017207584422 sp=0x0000002816ffe910 mode 2
Event: 413.520 Thread 0x0000017259da36f0 Uncommon trap: trap_request=0xffffff45 fr.pc=0x0000017207ea7ff8 relative=0x0000000000000658
Event: 413.520 Thread 0x0000017259da36f0 Uncommon trap: reason=unstable_if action=reinterpret pc=0x0000017207ea7ff8 method=java.lang.ClassLoader.checkCerts(Ljava/lang/String;Ljava/security/CodeSource;)V @ 9 c2
Event: 413.520 Thread 0x0000017259da36f0 DEOPT PACKING pc=0x0000017207ea7ff8 sp=0x0000002816ffe350
Event: 413.520 Thread 0x0000017259da36f0 DEOPT UNPACKING pc=0x0000017207584422 sp=0x0000002816ffe320 mode 2
Event: 413.543 Thread 0x0000017259da36f0 Uncommon trap: trap_request=0xffffff45 fr.pc=0x0000017207b8dc6c relative=0x000000000000084c
Event: 413.543 Thread 0x0000017259da36f0 Uncommon trap: reason=unstable_if action=reinterpret pc=0x0000017207b8dc6c method=java.lang.Class.getPackageName()Ljava/lang/String; @ 55 c2
Event: 413.544 Thread 0x0000017259da36f0 DEOPT PACKING pc=0x0000017207b8dc6c sp=0x0000002816ffe3e0
Event: 413.544 Thread 0x0000017259da36f0 DEOPT UNPACKING pc=0x0000017207584422 sp=0x0000002816ffe3a8 mode 2
Event: 413.659 Thread 0x0000017259da36f0 Uncommon trap: trap_request=0xffffff45 fr.pc=0x000001720808899c relative=0x000000000000007c
Event: 413.659 Thread 0x0000017259da36f0 Uncommon trap: reason=unstable_if action=reinterpret pc=0x000001720808899c method=java.lang.invoke.MethodHandle.asTypeCached(Ljava/lang/invoke/MethodType;)Ljava/lang/invoke/MethodHandle; @ 25 c2
Event: 413.659 Thread 0x0000017259da36f0 DEOPT PACKING pc=0x000001720808899c sp=0x0000002816ffe390
Event: 413.659 Thread 0x0000017259da36f0 DEOPT UNPACKING pc=0x0000017207584422 sp=0x0000002816ffe310 mode 2

Classes loaded (20 events):
Event: 360.441 Loading class java/lang/NumberCustomizer
Event: 360.441 Loading class java/lang/NumberCustomizer done
Event: 360.442 Loading class java/lang/IntegerCustomizer
Event: 360.442 Loading class java/lang/IntegerCustomizer done
Event: 360.442 Loading class java/lang/IntegerCustomizer
Event: 360.442 Loading class java/lang/IntegerCustomizer done
Event: 360.478 Loading class com/sun/beans/finder/MethodFinder
Event: 360.479 Loading class com/sun/beans/finder/AbstractFinder
Event: 360.479 Loading class com/sun/beans/finder/AbstractFinder done
Event: 360.480 Loading class com/sun/beans/finder/MethodFinder done
Event: 360.480 Loading class com/sun/beans/finder/MethodFinder$1
Event: 360.480 Loading class com/sun/beans/finder/MethodFinder$1 done
Event: 360.480 Loading class com/sun/beans/finder/FinderUtils
Event: 360.481 Loading class com/sun/beans/finder/FinderUtils done
Event: 360.529 Loading class org/w3c/dom/Element
Event: 360.530 Loading class org/w3c/dom/Element done
Event: 360.682 Loading class java/util/PriorityQueue
Event: 360.683 Loading class java/util/PriorityQueue done
Event: 360.719 Loading class java/util/LinkedList$DescendingIterator
Event: 360.720 Loading class java/util/LinkedList$DescendingIterator done

Classes unloaded (2 events):
Event: 479.613 Thread 0x000001727b5c5dc0 Unloading class 0x0000017210db8c00 'java/lang/invoke/LambdaForm$MH+0x0000017210db8c00'
Event: 479.613 Thread 0x000001727b5c5dc0 Unloading class 0x0000017210db8000 'java/lang/invoke/LambdaForm$MH+0x0000017210db8000'

Classes redefined (0 events):
No events

Internal exceptions (20 events):
Event: 360.453 Thread 0x0000017259da4aa0 Exception <a 'java/lang/NoSuchMethodError'{0x000000009567e118}: 'double java.lang.invoke.DirectMethodHandle$Holder.invokeStaticInit(java.lang.Object, double, double)'> (0x000000009567e118) 
thrown [s\src\hotspot\share\interpreter\linkResolver.cpp, line 773]
Event: 360.454 Thread 0x0000017259da4aa0 Exception <a 'java/lang/NoSuchMethodError'{0x0000000095681ce8}: 'int java.lang.invoke.DirectMethodHandle$Holder.invokeStaticInit(java.lang.Object, int)'> (0x0000000095681ce8) 
thrown [s\src\hotspot\share\interpreter\linkResolver.cpp, line 773]
Event: 360.454 Thread 0x0000017259da4aa0 Exception <a 'java/lang/NoSuchMethodError'{0x00000000956852e8}: 'long java.lang.invoke.DirectMethodHandle$Holder.invokeStatic(java.lang.Object, long)'> (0x00000000956852e8) 
thrown [s\src\hotspot\share\interpreter\linkResolver.cpp, line 773]
Event: 360.455 Thread 0x0000017259da4aa0 Exception <a 'java/lang/NoSuchMethodError'{0x0000000095688718}: 'long java.lang.invoke.DirectMethodHandle$Holder.invokeStaticInit(java.lang.Object, long)'> (0x0000000095688718) 
thrown [s\src\hotspot\share\interpreter\linkResolver.cpp, line 773]
Event: 360.455 Thread 0x0000017259da4aa0 Exception <a 'java/lang/NoSuchMethodError'{0x000000009568be30}: 'double java.lang.invoke.DirectMethodHandle$Holder.invokeStatic(java.lang.Object, double)'> (0x000000009568be30) 
thrown [s\src\hotspot\share\interpreter\linkResolver.cpp, line 773]
Event: 360.455 Thread 0x0000017259da4aa0 Exception <a 'java/lang/NoSuchMethodError'{0x000000009568f310}: 'double java.lang.invoke.DirectMethodHandle$Holder.invokeStaticInit(java.lang.Object, double)'> (0x000000009568f310) 
thrown [s\src\hotspot\share\interpreter\linkResolver.cpp, line 773]
Event: 360.473 Thread 0x0000017259da4aa0 Exception <a 'java/lang/ClassNotFoundException'{0x00000000956f5620}: groovy/lang/GString$1BeanInfo> (0x00000000956f5620) 
thrown [s\src\hotspot\share\classfile\systemDictionary.cpp, line 312]
Event: 360.473 Thread 0x0000017259da4aa0 Exception <a 'java/lang/ClassNotFoundException'{0x00000000956f7ef8}: groovy/lang/GStringBeanInfo> (0x00000000956f7ef8) 
thrown [s\src\hotspot\share\classfile\systemDictionary.cpp, line 312]
Event: 360.474 Thread 0x0000017259da4aa0 Exception <a 'java/lang/ClassNotFoundException'{0x00000000956fa7a8}: groovy/lang/GStringCustomizer> (0x00000000956fa7a8) 
thrown [s\src\hotspot\share\classfile\systemDictionary.cpp, line 312]
Event: 360.478 Thread 0x0000017259da4aa0 Exception <a 'java/lang/ClassNotFoundException'{0x0000000095509360}: groovy/lang/GString$1Customizer> (0x0000000095509360) 
thrown [s\src\hotspot\share\classfile\systemDictionary.cpp, line 312]
Event: 360.492 Thread 0x0000017259da4aa0 Exception <a 'java/lang/ClassNotFoundException'{0x00000000955413d0}: org/codehaus/groovy/runtime/GStringImplBeanInfo> (0x00000000955413d0) 
thrown [s\src\hotspot\share\classfile\systemDictionary.cpp, line 312]
Event: 360.493 Thread 0x0000017259da4aa0 Exception <a 'java/lang/ClassNotFoundException'{0x00000000955441f8}: org/codehaus/groovy/runtime/GStringImplCustomizer> (0x00000000955441f8) 
thrown [s\src\hotspot\share\classfile\systemDictionary.cpp, line 312]
Event: 360.557 Thread 0x0000017259da4aa0 Exception <a 'java/lang/NoSuchMethodError'{0x0000000095415270}: 'long java.lang.invoke.Invokers$Holder.invokeExact_MT(java.lang.Object, java.lang.Object, java.lang.Object)'> (0x0000000095415270) 
thrown [s\src\hotspot\share\interpreter\linkResolver.cpp, line 773]
Event: 360.565 Thread 0x0000017259da4aa0 Exception <a 'java/lang/NoSuchMethodError'{0x0000000095446ca8}: 'int java.lang.invoke.DirectMethodHandle$Holder.invokeStatic(java.lang.Object, java.lang.Object, int, java.lang.Object)'> (0x0000000095446ca8) 
thrown [s\src\hotspot\share\interpreter\linkResolver.cpp, line 773]
Event: 360.727 Thread 0x0000017259da4aa0 Exception <a 'java/lang/NoSuchMethodError'{0x00000000952cc420}: 'double java.lang.invoke.DirectMethodHandle$Holder.invokeStatic(java.lang.Object, java.lang.Object, java.lang.Object, long)'> (0x00000000952cc420) 
thrown [s\src\hotspot\share\interpreter\linkResolver.cpp, line 773]
Event: 360.736 Thread 0x0000017259da4aa0 Exception <a 'java/lang/NoSuchMethodError'{0x00000000952f2df0}: 'void java.lang.invoke.DirectMethodHandle$Holder.invokeSpecial(java.lang.Object, java.lang.Object, java.lang.Object, java.lang.Object, java.lang.Object, java.lang.Object, java.lang.Object, java.lang.Object, java.lang.Object)'> (0x00000000952f2df0) 
thrown [s\src\hotspot\share\interpreter\linkResolver.cpp, line 773]
Event: 361.981 Thread 0x0000017259da5130 Implicit null exception at 0x0000017207b02287 to 0x0000017207b024a8
Event: 362.081 Thread 0x0000017259da5130 Exception <a 'java/lang/NoSuchMethodError'{0x00000000950383a0}: 'java.lang.Object java.lang.invoke.DirectMethodHandle$Holder.newInvokeSpecial(java.lang.Object, java.lang.Object, java.lang.Object, java.lang.Object, int, long, java.lang.Object)'> (0x00000000950383a0) 
thrown [s\src\hotspot\share\interpreter\linkResolver.cpp, line 773]
Event: 413.581 Thread 0x0000017259da36f0 Exception <a 'java/lang/ClassNotFoundException'{0x0000000094b433c0}: Script1BeanInfo> (0x0000000094b433c0) 
thrown [s\src\hotspot\share\classfile\systemDictionary.cpp, line 312]
Event: 413.584 Thread 0x0000017259da36f0 Exception <a 'java/lang/ClassNotFoundException'{0x0000000094b467f0}: Script1Customizer> (0x0000000094b467f0) 
thrown [s\src\hotspot\share\classfile\systemDictionary.cpp, line 312]

ZGC Phase Switch (0 events):
No events

VM Operations (20 events):
Event: 440.163 Executing safepoint VM operation: Cleanup done
Event: 444.169 Executing safepoint VM operation: Cleanup
Event: 444.169 Executing safepoint VM operation: Cleanup done
Event: 449.203 Executing safepoint VM operation: Cleanup
Event: 449.203 Executing safepoint VM operation: Cleanup done
Event: 459.262 Executing safepoint VM operation: Cleanup
Event: 459.262 Executing safepoint VM operation: Cleanup done
Event: 461.280 Executing safepoint VM operation: Cleanup
Event: 461.280 Executing safepoint VM operation: Cleanup done
Event: 467.326 Executing safepoint VM operation: Cleanup
Event: 467.326 Executing safepoint VM operation: Cleanup done
Event: 472.378 Executing safepoint VM operation: Cleanup
Event: 472.489 Executing safepoint VM operation: Cleanup done
Event: 473.504 Executing safepoint VM operation: Cleanup
Event: 473.520 Executing safepoint VM operation: Cleanup done
Event: 474.534 Executing safepoint VM operation: Cleanup
Event: 474.534 Executing safepoint VM operation: Cleanup done
Event: 478.741 Executing safepoint VM operation: G1CollectForAllocation (G1 Evacuation Pause)
Event: 479.074 Executing safepoint VM operation: G1CollectForAllocation (G1 Evacuation Pause) done
Event: 479.611 Executing safepoint VM operation: G1PauseRemark

Memory protections (0 events):
No events

Nmethod flushes (20 events):
Event: 482.115 Thread 0x000001727b5c5dc0 flushing  nmethod 0x00000172009d6310
Event: 482.115 Thread 0x000001727b5c5dc0 flushing  nmethod 0x0000017200a3de10
Event: 482.115 Thread 0x000001727b5c5dc0 flushing  nmethod 0x0000017200a42910
Event: 482.115 Thread 0x000001727b5c5dc0 flushing  nmethod 0x0000017200a43b90
Event: 482.115 Thread 0x000001727b5c5dc0 flushing  nmethod 0x0000017200aa5390
Event: 482.115 Thread 0x000001727b5c5dc0 flushing  nmethod 0x0000017200aa5e10
Event: 482.115 Thread 0x000001727b5c5dc0 flushing  nmethod 0x0000017200aa6410
Event: 482.115 Thread 0x000001727b5c5dc0 flushing  nmethod 0x0000017200ab4990
Event: 482.115 Thread 0x000001727b5c5dc0 flushing  nmethod 0x0000017200ab5110
Event: 482.115 Thread 0x000001727b5c5dc0 flushing  nmethod 0x0000017200ab5710
Event: 482.115 Thread 0x000001727b5c5dc0 flushing  nmethod 0x0000017200ab7310
Event: 482.115 Thread 0x000001727b5c5dc0 flushing  nmethod 0x0000017200ae0f10
Event: 482.115 Thread 0x000001727b5c5dc0 flushing  nmethod 0x0000017200ae1310
Event: 482.115 Thread 0x000001727b5c5dc0 flushing  nmethod 0x0000017200ae1b10
Event: 482.115 Thread 0x000001727b5c5dc0 flushing  nmethod 0x0000017200ae3410
Event: 482.115 Thread 0x000001727b5c5dc0 flushing  nmethod 0x0000017200ae3c10
Event: 482.115 Thread 0x000001727b5c5dc0 flushing  nmethod 0x0000017200ae7410
Event: 482.115 Thread 0x000001727b5c5dc0 flushing  nmethod 0x0000017200b60a90
Event: 482.115 Thread 0x000001727b5c5dc0 flushing  nmethod 0x0000017200b69890
Event: 482.115 Thread 0x000001727b5c5dc0 flushing  nmethod 0x0000017200ea4810

Events (20 events):
Event: 357.613 Thread 0x00000172549c3c50 Thread added: 0x00000172566e5750
Event: 357.704 Thread 0x00000172566e50c0 Thread added: 0x0000017259da3060
Event: 357.733 Thread 0x00000172566e0890 Thread added: 0x0000017259da4aa0
Event: 357.831 Thread 0x000001727b603210 Thread added: 0x0000017258e0d530
Event: 357.968 Thread 0x0000017258e0d530 Thread exited: 0x0000017258e0d530
Event: 358.269 Thread 0x0000017259da4aa0 Thread added: 0x0000017259da1cb0
Event: 358.389 Thread 0x000001727b603210 Thread added: 0x0000017258e0d530
Event: 359.430 Thread 0x000001727b603210 Thread added: 0x00000172603f98f0
Event: 360.064 Thread 0x00000172603f98f0 Thread exited: 0x00000172603f98f0
Event: 360.064 Thread 0x0000017258e0d530 Thread exited: 0x0000017258e0d530
Event: 360.354 Thread 0x000001727b603210 Thread added: 0x0000017255ea02a0
Event: 360.685 Thread 0x0000017255ea02a0 Thread exited: 0x0000017255ea02a0
Event: 360.729 Thread 0x0000017259da4aa0 Thread added: 0x0000017259da5130
Event: 360.730 Thread 0x000001727b603210 Thread added: 0x0000017255ea02a0
Event: 361.669 Thread 0x0000017255ea02a0 Thread exited: 0x0000017255ea02a0
Event: 413.252 Thread 0x00000172566e0890 Thread added: 0x0000017259da36f0
Event: 473.484 Thread 0x00000172566e5750 Thread exited: 0x00000172566e5750
Event: 473.484 Thread 0x00000172566e6b00 Thread exited: 0x00000172566e6b00
Event: 473.520 Thread 0x00000172566e50c0 Thread exited: 0x00000172566e50c0
Event: 473.533 Thread 0x0000017259da3060 Thread exited: 0x0000017259da3060


Dynamic libraries:
0x00007ff674480000 - 0x00007ff67448e000 	C:\Users\mateb\.jdks\corretto-21.0.10\bin\java.exe
0x00007ffa8f4a0000 - 0x00007ffa8f707000 	C:\WINDOWS\SYSTEM32\ntdll.dll
0x00007ffa8eac0000 - 0x00007ffa8eb89000 	C:\WINDOWS\System32\KERNEL32.DLL
0x00007ffa8c040000 - 0x00007ffa8c431000 	C:\WINDOWS\System32\KERNELBASE.dll
0x00007ffa8be40000 - 0x00007ffa8bf8b000 	C:\WINDOWS\System32\ucrtbase.dll
0x00007ffa753d0000 - 0x00007ffa753e8000 	C:\Users\mateb\.jdks\corretto-21.0.10\bin\jli.dll
0x00007ffa828c0000 - 0x00007ffa828de000 	C:\Users\mateb\.jdks\corretto-21.0.10\bin\VCRUNTIME140.dll
0x00007ffa8de40000 - 0x00007ffa8e005000 	C:\WINDOWS\System32\USER32.dll
0x00007ffa72d90000 - 0x00007ffa73023000 	C:\WINDOWS\WinSxS\amd64_microsoft.windows.common-controls_6595b64144ccf1df_6.0.26100.8037_none_3e092faae333b53b\COMCTL32.dll
0x00007ffa8cee0000 - 0x00007ffa8cf07000 	C:\WINDOWS\System32\win32u.dll
0x00007ffa8f3b0000 - 0x00007ffa8f459000 	C:\WINDOWS\System32\msvcrt.dll
0x00007ffa8f040000 - 0x00007ffa8f06b000 	C:\WINDOWS\System32\GDI32.dll
0x00007ffa8cf10000 - 0x00007ffa8d03b000 	C:\WINDOWS\System32\gdi32full.dll
0x00007ffa8ce30000 - 0x00007ffa8ced3000 	C:\WINDOWS\System32\msvcp_win.dll
0x00007ffa8e010000 - 0x00007ffa8e041000 	C:\WINDOWS\System32\IMM32.DLL
0x00007ffa753c0000 - 0x00007ffa753cc000 	C:\Users\mateb\.jdks\corretto-21.0.10\bin\vcruntime140_1.dll
0x00007ffa6f340000 - 0x00007ffa6f3c9000 	C:\Users\mateb\.jdks\corretto-21.0.10\bin\msvcp140.dll
0x00007ff9da1e0000 - 0x00007ff9daf88000 	C:\Users\mateb\.jdks\corretto-21.0.10\bin\server\jvm.dll
0x00007ffa8f1c0000 - 0x00007ffa8f27b000 	C:\WINDOWS\System32\ADVAPI32.dll
0x00007ffa8ef80000 - 0x00007ffa8f027000 	C:\WINDOWS\System32\sechost.dll
0x00007ffa8d520000 - 0x00007ffa8d638000 	C:\WINDOWS\System32\RPCRT4.dll
0x00007ffa8d420000 - 0x00007ffa8d494000 	C:\WINDOWS\System32\WS2_32.dll
0x00007ffa85b80000 - 0x00007ffa85b8b000 	C:\WINDOWS\SYSTEM32\VERSION.dll
0x00007ffa89040000 - 0x00007ffa89075000 	C:\WINDOWS\SYSTEM32\WINMM.dll
0x00007ffa8bc00000 - 0x00007ffa8bc5e000 	C:\WINDOWS\SYSTEM32\POWRPROF.dll
0x00007ffa8bbe0000 - 0x00007ffa8bbf4000 	C:\WINDOWS\SYSTEM32\UMPDC.dll
0x00007ffa8ab10000 - 0x00007ffa8ab2b000 	C:\WINDOWS\SYSTEM32\kernel.appcore.dll
0x00007ffa753b0000 - 0x00007ffa753ba000 	C:\Users\mateb\.jdks\corretto-21.0.10\bin\jimage.dll
0x00007ffa899c0000 - 0x00007ffa89c02000 	C:\WINDOWS\SYSTEM32\DBGHELP.DLL
0x00007ffa8e590000 - 0x00007ffa8e912000 	C:\WINDOWS\System32\combase.dll
0x00007ffa8e9e0000 - 0x00007ffa8eab7000 	C:\WINDOWS\System32\OLEAUT32.dll
0x00007ffa78600000 - 0x00007ffa7863b000 	C:\WINDOWS\SYSTEM32\dbgcore.DLL
0x00007ffa8bf90000 - 0x00007ffa8c035000 	C:\WINDOWS\System32\bcryptPrimitives.dll
0x00007ffa644a0000 - 0x00007ffa644b0000 	C:\Users\mateb\.jdks\corretto-21.0.10\bin\instrument.dll
0x00007ffa6f310000 - 0x00007ffa6f331000 	C:\Users\mateb\.jdks\corretto-21.0.10\bin\java.dll
0x00007ffa8d640000 - 0x00007ffa8dd9f000 	C:\WINDOWS\System32\SHELL32.dll
0x00007ffa8d040000 - 0x00007ffa8d1aa000 	C:\WINDOWS\System32\wintypes.dll
0x00007ffa8c440000 - 0x00007ffa8cca4000 	C:\WINDOWS\System32\windows.storage.dll
0x00007ffa8f280000 - 0x00007ffa8f377000 	C:\WINDOWS\System32\SHCORE.dll
0x00007ffa8d4a0000 - 0x00007ffa8d507000 	C:\WINDOWS\System32\shlwapi.dll
0x00007ffa8bca0000 - 0x00007ffa8bcc9000 	C:\WINDOWS\SYSTEM32\profapi.dll
0x00007ffa529c0000 - 0x00007ffa52a97000 	C:\Users\mateb\.jdks\corretto-21.0.10\bin\jsvml.dll
0x00007ffa6f2d0000 - 0x00007ffa6f2e8000 	C:\Users\mateb\.jdks\corretto-21.0.10\bin\zip.dll
0x00007ffa75390000 - 0x00007ffa753a1000 	C:\Users\mateb\.jdks\corretto-21.0.10\bin\net.dll
0x00007ffa81f90000 - 0x00007ffa820b7000 	C:\WINDOWS\SYSTEM32\WINHTTP.dll
0x00007ffa8b080000 - 0x00007ffa8b0eb000 	C:\WINDOWS\system32\mswsock.dll
0x00007ffa6f2f0000 - 0x00007ffa6f306000 	C:\Users\mateb\.jdks\corretto-21.0.10\bin\nio.dll
0x00007ffa60c00000 - 0x00007ffa60c1a000 	C:\Program Files\JetBrains\IntelliJ IDEA Community Edition 2024.1\bin\breakgen64.dll
0x00007ffa6f290000 - 0x00007ffa6f299000 	C:\Users\mateb\.jdks\corretto-21.0.10\bin\extnet.dll
0x00007ffa6f2a0000 - 0x00007ffa6f2ae000 	C:\Users\mateb\.jdks\corretto-21.0.10\bin\sunmscapi.dll
0x00007ffa8ccb0000 - 0x00007ffa8ce27000 	C:\WINDOWS\System32\CRYPT32.dll
0x00007ffa8b580000 - 0x00007ffa8b5b0000 	C:\WINDOWS\SYSTEM32\ncrypt.dll
0x00007ffa8b530000 - 0x00007ffa8b56f000 	C:\WINDOWS\SYSTEM32\NTASN1.dll
0x00007ffa8b360000 - 0x00007ffa8b37b000 	C:\WINDOWS\SYSTEM32\CRYPTSP.dll
0x00007ffa8aa70000 - 0x00007ffa8aaa9000 	C:\WINDOWS\system32\rsaenh.dll
0x00007ffa8b130000 - 0x00007ffa8b162000 	C:\WINDOWS\SYSTEM32\USERENV.dll
0x00007ffa8bc70000 - 0x00007ffa8bc9a000 	C:\WINDOWS\SYSTEM32\bcrypt.dll
0x00007ffa8b380000 - 0x00007ffa8b38c000 	C:\WINDOWS\SYSTEM32\CRYPTBASE.dll
0x00007ffa8a4d0000 - 0x00007ffa8a503000 	C:\WINDOWS\SYSTEM32\IPHLPAPI.DLL
0x00007ffa8ddb0000 - 0x00007ffa8ddba000 	C:\WINDOWS\System32\NSI.dll
0x00007ffa6f2c0000 - 0x00007ffa6f2ca000 	C:\Users\mateb\.jdks\corretto-21.0.10\bin\management.dll
0x00007ffa6f2b0000 - 0x00007ffa6f2bc000 	C:\Users\mateb\.jdks\corretto-21.0.10\bin\management_ext.dll
0x00007ffa8e050000 - 0x00007ffa8e058000 	C:\WINDOWS\System32\PSAPI.DLL
0x00007ffa8a560000 - 0x00007ffa8a68a000 	C:\WINDOWS\SYSTEM32\DNSAPI.dll
0x00007ffa7ab10000 - 0x00007ffa7ab1b000 	C:\Windows\System32\rasadhlp.dll
0x00007ffa807b0000 - 0x00007ffa80836000 	C:\WINDOWS\System32\fwpuclnt.dll
0x00007ffa86eb0000 - 0x00007ffa86eb8000 	C:\WINDOWS\system32\wshunix.dll
0x00007ffa61840000 - 0x00007ffa61850000 	C:\Users\mateb\.jdks\corretto-21.0.10\bin\verify.dll

JVMTI agents:
C:\Program Files\JetBrains\IntelliJ IDEA Community Edition 2024.1\lib\idea_rt.jar path:C:\Users\mateb\.jdks\corretto-21.0.10\bin\instrument.dll, loaded, initialized, instrumentlib options:15484:C:\Program Files\JetBrains\IntelliJ IDEA Community Edition 2024.1\bin

dbghelp: loaded successfully - version: 4.0.5 - missing functions: none
symbol engine: initialized successfully - sym options: 0x614 - pdb path: .;C:\Users\mateb\.jdks\corretto-21.0.10\bin;C:\WINDOWS\SYSTEM32;C:\WINDOWS\WinSxS\amd64_microsoft.windows.common-controls_6595b64144ccf1df_6.0.26100.8037_none_3e092faae333b53b;C:\Users\mateb\.jdks\corretto-21.0.10\bin\server;C:\Program Files\JetBrains\IntelliJ IDEA Community Edition 2024.1\bin

VM Arguments:
jvm_args: -javaagent:C:\Program Files\JetBrains\IntelliJ IDEA Community Edition 2024.1\lib\idea_rt.jar=15484:C:\Program Files\JetBrains\IntelliJ IDEA Community Edition 2024.1\bin -Dfile.encoding=UTF-8 -Dsun.stdout.encoding=UTF-8 -Dsun.stderr.encoding=UTF-8 
java_command: com.trustflow.cms_risk_service.CmsRiskServiceApplication
java_class_path (initial): C:\trustflow-backend\cms-risk-service\target\classes;C:\Users\mateb\.m2\repository\org\springframework\boot\spring-boot-starter-data-jpa\3.5.9\spring-boot-starter-data-jpa-3.5.9.jar;C:\Users\mateb\.m2\repository\org\springframework\boot\spring-boot-starter\3.5.9\spring-boot-starter-3.5.9.jar;C:\Users\mateb\.m2\repository\org\springframework\boot\spring-boot\3.5.9\spring-boot-3.5.9.jar;C:\Users\mateb\.m2\repository\org\springframework\boot\spring-boot-autoconfigure\3.5.9\spring-boot-autoconfigure-3.5.9.jar;C:\Users\mateb\.m2\repository\org\springframework\boot\spring-boot-starter-logging\3.5.9\spring-boot-starter-logging-3.5.9.jar;C:\Users\mateb\.m2\repository\org\apache\logging\log4j\log4j-to-slf4j\2.24.3\log4j-to-slf4j-2.24.3.jar;C:\Users\mateb\.m2\repository\org\apache\logging\log4j\log4j-api\2.24.3\log4j-api-2.24.3.jar;C:\Users\mateb\.m2\repository\org\slf4j\jul-to-slf4j\2.0.17\jul-to-slf4j-2.0.17.jar;C:\Users\mateb\.m2\repository\jakarta\annotation\jakarta.annotation-api\2.1.1\jakarta.annotation-api-2.1.1.jar;C:\Users\mateb\.m2\repository\org\yaml\snakeyaml\2.4\snakeyaml-2.4.jar;C:\Users\mateb\.m2\repository\org\springframework\boot\spring-boot-starter-jdbc\3.5.9\spring-boot-starter-jdbc-3.5.9.jar;C:\Users\mateb\.m2\repository\com\zaxxer\HikariCP\6.3.3\HikariCP-6.3.3.jar;C:\Users\mateb\.m2\repository\org\springframework\spring-jdbc\6.2.15\spring-jdbc-6.2.15.jar;C:\Users\mateb\.m2\repository\org\hibernate\orm\hibernate-core\6.6.39.Final\hibernate-core-6.6.39.Final.jar;C:\Users\mateb\.m2\repository\jakarta\persistence\jakarta.persistence-api\3.1.0\jakarta.persistence-api-3.1.0.jar;C:\Users\mateb\.m2\repository\jakarta\transaction\jakarta.transaction-api\2.0.1\jakarta.transaction-api-2.0.1.jar;C:\Users\mateb\.m2\repository\org\jboss\logging\jboss-logging\3.6.1.Final\jboss-logging-3.6.1.Final.jar;C:\Users\mateb\.m2\repository\org\hibernate\common\hibernate-commons-annotations\7.0.3.Final\hibernate-commons-annotations-7.0.3.Final.jar;C:\Users\mateb\.m2\repository\io\smallrye\jandex\3.2.0\jandex-3.2.0.jar;C:\Users\mateb\.m2\repository\com\fasterxml\classmate\1.7.1\classmate-1.7.1.jar;C:\Users\mateb\.m2\repository\net\bytebuddy\byte-buddy\1.17.8\byte-buddy-1.17.8.jar;C:\Users\mateb\.m2\repository\org\glassfish\jaxb\jaxb-runtime\4.0.6\jaxb-runtime-4.0.6.jar;C:\Users\mateb\.m2\repository\org\glassfish\jaxb\jaxb-core\4.0.6\jaxb-core-4.0.6.jar;C:\Users\mateb\.m2\repository\org\eclipse\angus\angus-activation\2.0.3\angus-activation-2.0.3.jar;C:\Users\mateb\.m2\repository\org\glassfish\jaxb\txw2\4.0.6\txw2-4.0.6.jar;C:\Users\mateb\.m2\repository\com\sun\istack\istack-commons-runtime\4.1.2\istack-commons-runtime-4.1.2.jar;C:\Users\mateb\.m2\repository\jakarta\inject\jakarta.inject-api\2.0.1\jakarta.inject-api-2.0.1.jar;C:\Users\mateb\.m2\repository\org\antlr\antlr4-runtime\4.13.0\antlr4-runtime-4.13.0.jar;C:\Users\mateb\.m2\repository\org\springframework\data\spring-data-jpa\3.5.7\spring-data-jpa-3.5.7.jar;C:\Users\mateb\.m2\repository\org\springframework\data\spring-data-commons\3.5.7\spring-data-commons-3.5.7.jar;C:\Users\mateb\.m2\repository\org\springframework\spring-orm\6.2.15\spring-orm-6.2.15.jar;C:\Users\mateb\.m2\repository\org\springframework\spring-beans\6.2.15\spring-beans-6.2.15.jar;C:\Users\mateb\.m2\repository\org\slf4j\slf4j-api\2.0.17\slf4j-api-2.0.17.jar;C:\Users\mateb\.m2\repository\org\springframework\spring-aspects\6.2.15\spring-aspects-6.2.15.jar;C:\Users\mateb\.m2\repository\org\aspectj\aspectjweaver\1.9.25.1\aspectjweaver-1.9.25.1.jar;C:\Users\mateb\.m2\repository\org\springframework\boot\spring-boot-starter-oauth2-resource-server\3.5.9\spring-boot-starter-oauth2-resource-server-3.5.9.jar;C:\Users\mateb\.m2\repository\org\springframework\security\spring-security-config\6.5.7\spring-security-config-6.5.7.jar;C:\Users\mateb\.m2\repository\org\springframework\security\spring-security-core\6.5.7\spring-security-core-6.5.7.jar;C:\Users\mateb\.m2\repository\org\springframework\security\spring-security-crypto\6.5.7\spring-security-crypto-6.5.7.jar;C:\Users\mateb\.m2\repository\org\springframework\spring-expression\6.2.15\spring-expression-6.2.15.jar;C:\Users\mateb\.m2\repository\org\springframework\security\spring-security-oauth2-resource-server\6.5.7\spring-security-oauth2-resource-server-6.5.7.jar;C:\Users\mateb\.m2\repository\org\springframework\security\spring-security-oauth2-core\6.5.7\spring-security-oauth2-core-6.5.7.jar;C:\Users\mateb\.m2\repository\org\springframework\security\spring-security-oauth2-jose\6.5.7\spring-security-oauth2-jose-6.5.7.jar;C:\Users\mateb\.m2\repository\com\nimbusds\nimbus-jose-jwt\9.37.4\nimbus-jose-jwt-9.37.4.jar;C:\Users\mateb\.m2\repository\com\github\stephenc\jcip\jcip-annotations\1.0-1\jcip-annotations-1.0-1.jar;C:\Users\mateb\.m2\repository\org\springframework\boot\spring-boot-starter-security\3.5.9\spring-boot-starter-security-3.5.9.jar;C:\Users\mateb\.m2\repository\org\springframework\spring-aop\6.2.15\spring-aop-6.2.15.jar;C:\Users\mateb\.m2\repository\org\springframework\security\spring-security-web\6.5.7\spring-security-web-6.5.7.jar;C:\Users\mateb\.m2\repository\org\springframework\boot\spring-boot-starter-validation\3.5.9\spring-boot-starter-validation-3.5.9.jar;C:\Users\mateb\.m2\repository\org\apache\tomcat\embed\tomcat-embed-el\10.1.50\tomcat-embed-el-10.1.50.jar;C:\Users\mateb\.m2\repository\org\hibernate\validator\hibernate-validator\8.0.3.Final\hibernate-validator-8.0.3.Final.jar;C:\Users\mateb\.m2\repository\jakarta\validation\jakarta.validation-api\3.0.2\jakarta.validation-api-3.0.2.jar;C:\Users\mateb\.m2\repository\org\springframework\boot\spring-boot-starter-web\3.5.9\spring-boot-starter-web-3.5.9.jar;C:\Users\mateb\.m2\repository\org\springframework\boot\spring-boot-starter-json\3.5.9\spring-boot-starter-json-3.5.9.jar;C:\Users\mateb\.m2\repository\com\fasterxml\jackson\datatype\jackson-datatype-jdk8\2.19.4\jackson-datatype-jdk8-2.19.4.jar;C:\Users\mateb\.m2\repository\com\fasterxml\jackson\module\jackson-module-parameter-names\2.19.4\jackson-module-parameter-names-2.19.4.jar;C:\Users\mateb\.m2\repository\org\springframework\boot\spring-boot-starter-tomcat\3.5.9\spring-boot-starter-tomcat-3.5.9.jar;C:\Users\mateb\.m2\repository\org\apache\tomcat\embed\tomcat-embed-core\10.1.50\tomcat-embed-core-10.1.50.jar;C:\Users\mateb\.m2\repository\org\apache\tomcat\embed\tomcat-embed-websocket\10.1.50\tomcat-embed-websocket-10.1.50.jar;C:\Users\mateb\.m2\repository\org\springframework\spring-web\6.2.15\spring-web-6.2.15.jar;C:\Users\mateb\.m2\repository\org\springframework\spring-webmvc\6.2.15\spring-webmvc-6.2.15.jar;C:\Users\mateb\.m2\repository\org\flywaydb\flyway-core\11.7.2\flyway-core-11.7.2.jar;C:\Users\mateb\.m2\repository\com\fasterxml\jackson\dataformat\jackson-dataformat-toml\2.19.4\jackson-dataformat-toml-2.19.4.jar;C:\Users\mateb\.m2\repository\com\fasterxml\jackson\datatype\jackson-datatype-jsr310\2.19.4\jackson-datatype-jsr310-2.19.4.jar;C:\Users\mateb\.m2\repository\org\flywaydb\flyway-database-postgresql\11.7.2\flyway-database-postgresql-11.7.2.jar;C:\Users\mateb\.m2\repository\org\springframework\kafka\spring-kafka\3.3.11\spring-kafka-3.3.11.jar;C:\Users\mateb\.m2\repository\org\springframework\spring-context\6.2.15\spring-context-6.2.15.jar;C:\Users\mateb\.m2\repository\org\springframework\spring-messaging\6.2.15\spring-messaging-6.2.15.jar;C:\Users\mateb\.m2\repository\org\springframework\spring-tx\6.2.15\spring-tx-6.2.15.jar;C:\Users\mateb\.m2\repository\org\springframework\retry\spring-retry\2.0.12\spring-retry-2.0.12.jar;C:\Users\mateb\.m2\repository\org\apache\kafka\kafka-clients\3.9.1\kafka-clients-3.9.1.jar;C:\Users\mateb\.m2\repository\com\github\luben\zstd-jni\1.5.6-4\zstd-jni-1.5.6-4.jar;C:\Users\mateb\.m2\repository\org\lz4\lz4-java\1.8.0\lz4-java-1.8.0.jar;C:\Users\mateb\.m2\repository\org\xerial\snappy\snappy-java\1.1.10.5\snappy-java-1.1.10.5.jar;C:\Users\mateb\.m2\repository\io\micrometer\micrometer-observation\1.15.7\micrometer-observation-1.15.7.jar;C:\Users\mateb\.m2\repository\io\micrometer\micrometer-commons\1.15.7\micrometer-commons-1.15.7.jar;C:\Users\mateb\.m2\repository\org\postgresql\postgresql\42.7.8\postgresql-42.7.8.jar;C:\Users\mateb\.m2\repository\org\checkerframework\checker-qual\3.49.5\checker-qual-3.49.5.jar;C:\Users\mateb\.m2\repository\org\projectlombok\lombok\1.18.42\lombok-1.18.42.jar;C:\Users\mateb\.m2\repository\jakarta\xml\bind\jakarta.xml.bind-api\4.0.4\jakarta.xml.bind-api-4.0.4.jar;C:\Users\mateb\.m2\repository\jakarta\activation\jakarta.activation-api\2.1.4\jakarta.activation-api-2.1.4.jar;C:\Users\mateb\.m2\repository\org\springframework\spring-core\6.2.15\spring-core-6.2.15.jar;C:\Users\mateb\.m2\repository\org\springframework\spring-jcl\6.2.15\spring-jcl-6.2.15.jar;C:\Users\mateb\.m2\repository\ch\qos\logback\logback-core\1.5.22\logback-core-1.5.22.jar;C:\Users\mateb\.m2\repository\ch\qos\logback\logback-classic\1.5.22\logback-classic-1.5.22.jar;C:\Users\mateb\.m2\repository\org\mapstruct\mapstruct\1.6.3\mapstruct-1.6.3.jar;C:\Users\mateb\.m2\repository\org\mapstruct\mapstruct-processor\1.6.3\mapstruct-processor-1.6.3.jar;C:\Users\mateb\.m2\repository\com\fasterxml\jackson\core\jackson-databind\2.19.4\jackson-databind-2.19.4.jar;C:\Users\mateb\.m2\repository\com\fasterxml\jackson\core\jackson-annotations\2.19.4\jackson-annotations-2.19.4.jar;C:\Users\mateb\.m2\repository\com\fasterxml\jackson\core\jackson-core\2.19.4\jackson-core-2.19.4.jar;C:\Users\mateb\.m2\repository\org\apache\groovy\groovy\4.0.18\groovy-4.0.18.jar;C:\Users\mateb\.m2\repository\org\apache\httpcomponents\httpclient\4.5.14\httpclient-4.5.14.jar;C:\Users\mateb\.m2\repository\org\apache\httpcomponents\httpcore\4.4.16\httpcore-4.4.16.jar;C:\Users\mateb\.m2\repository\commons-logging\commons-logging\1.2\commons-logging-1.2.jar;C:\Users\mateb\.m2\repository\commons-codec\commons-codec\1.18.0\commons-codec-1.18.0.jar;C:\Users\mateb\.m2\repository\org\springdoc\springdoc-openapi-starter-webmvc-ui\2.8.6\springdoc-openapi-starter-webmvc-ui-2.8.6.jar;C:\Users\mateb\.m2\repository\org\springdoc\springdoc-openapi-starter-webmvc-api\2.8.6\springdoc-openapi-starter-webmvc-api-2.8.6.jar;C:\Users\mateb\.m2\repository\org\springdoc\springdoc-openapi-starter-common\2.8.6\springdoc-openapi-starter-common-2.8.6.jar;C:\Users\mateb\.m2\repository\io\swagger\core\v3\swagger-core-jakarta\2.2.29\swagger-core-jakarta-2.2.29.jar;C:\Users\mateb\.m2\repository\org\apache\commons\commons-lang3\3.17.0\commons-lang3-3.17.0.jar;C:\Users\mateb\.m2\repository\io\swagger\core\v3\swagger-annotations-jakarta\2.2.29\swagger-annotations-jakarta-2.2.29.jar;C:\Users\mateb\.m2\repository\io\swagger\core\v3\swagger-models-jakarta\2.2.29\swagger-models-jakarta-2.2.29.jar;C:\Users\mateb\.m2\repository\com\fasterxml\jackson\dataformat\jackson-dataformat-yaml\2.19.4\jackson-dataformat-yaml-2.19.4.jar;C:\Users\mateb\.m2\repository\org\webjars\swagger-ui\5.20.1\swagger-ui-5.20.1.jar;C:\Users\mateb\.m2\repository\org\webjars\webjars-locator-lite\1.1.2\webjars-locator-lite-1.1.2.jar;C:\Users\mateb\.m2\repository\org\jspecify\jspecify\1.0.0\jspecify-1.0.0.jar
Launcher Type: SUN_STANDARD

[Global flags]
     intx CICompilerCount                          = 4                                         {product} {ergonomic}
     uint ConcGCThreads                            = 2                                         {product} {ergonomic}
     uint G1ConcRefinementThreads                  = 8                                         {product} {ergonomic}
   size_t G1HeapRegionSize                         = 1048576                                   {product} {ergonomic}
    uintx GCDrainStackTargetSize                   = 64                                        {product} {ergonomic}
   size_t InitialHeapSize                          = 117440512                                 {product} {ergonomic}
   size_t MarkStackSize                            = 4194304                                   {product} {ergonomic}
   size_t MaxHeapSize                              = 1862270976                                {product} {ergonomic}
   size_t MaxNewSize                               = 1116733440                                {product} {ergonomic}
   size_t MinHeapDeltaBytes                        = 1048576                                   {product} {ergonomic}
   size_t MinHeapSize                              = 8388608                                   {product} {ergonomic}
    uintx NonNMethodCodeHeapSize                   = 5839372                                {pd product} {ergonomic}
    uintx NonProfiledCodeHeapSize                  = 122909434                              {pd product} {ergonomic}
    uintx ProfiledCodeHeapSize                     = 122909434                              {pd product} {ergonomic}
    uintx ReservedCodeCacheSize                    = 251658240                              {pd product} {ergonomic}
     bool SegmentedCodeCache                       = true                                      {product} {ergonomic}
   size_t SoftMaxHeapSize                          = 1862270976                             {manageable} {ergonomic}
     bool UseCompressedOops                        = true                           {product lp64_product} {ergonomic}
     bool UseG1GC                                  = true                                      {product} {ergonomic}
     bool UseLargePagesIndividualAllocation        = false                                  {pd product} {ergonomic}

Logging:
Log output configuration:
 #0: stdout all=warning uptime,level,tags foldmultilines=false
 #1: stderr all=off uptime,level,tags foldmultilines=false

Release file:
IMPLEMENTOR="Amazon.com Inc." 
IMPLEMENTOR_VERSION="Corretto-21.0.10.7.1" 
JAVA_RUNTIME_VERSION="21.0.10+7-LTS" 
JAVA_VERSION="21.0.10" 
JAVA_VERSION_DATE="2026-01-20" 
LIBC="default" 
MODULES="java.base java.compiler java.datatransfer java.xml java.prefs java.desktop java.instrument java.logging java.management java.security.sasl java.naming java.rmi java.management.rmi java.net.http java.scripting java.security.jgss java.transaction.xa java.sql java.sql.rowset java.xml.crypto java.se java.smartcardio jdk.accessibility jdk.internal.jvmstat jdk.attach jdk.charsets jdk.internal.opt jdk.zipfs jdk.compiler jdk.crypto.ec jdk.crypto.cryptoki jdk.crypto.mscapi jdk.dynalink jdk.internal.ed jdk.editpad jdk.hotspot.agent jdk.httpserver jdk.incubator.vector jdk.internal.le jdk.internal.vm.ci jdk.internal.vm.compiler jdk.internal.vm.compiler.management jdk.jartool jdk.javadoc jdk.jcmd jdk.management jdk.management.agent jdk.jconsole jdk.jdeps jdk.jdwp.agent jdk.jdi jdk.jfr jdk.jlink jdk.jpackage jdk.jshell jdk.jsobject jdk.jstatd jdk.localedata jdk.management.jfr jdk.naming.dns jdk.naming.rmi jdk.net jdk.nio.mapmode jdk.random jdk.sctp jdk.security.auth jdk.security.jgss jdk.unsupported jdk.unsupported.desktop jdk.xml.dom" 
OS_ARCH="x86_64" 
OS_NAME="Windows" 
SOURCE="" 

Environment Variables:
JAVA_HOME=C:\Java\jdk-21.0.6
PATH=C:\Program Files (x86)\Common Files\Intel\Shared Libraries\redist\intel64\compiler;C:\Program Files\Java\jdk-1.8\bin;C:\Users\mateb\AppData\Roaming\nvm;C:\Program Files\nodejs;C:\apache-maven-3.9.4\bin;C:\Program Files\Git\cmd;C:\keycloak-25.0.5\bin;C:\Program Files (x86)\Microsoft SQL Server\160\Tools\Binn\;C:\Program Files\Microsoft SQL Server\160\Tools\Binn\;C:\Program Files\Microsoft SQL Server\Client SDK\ODBC\170\Tools\Binn\;C:\Program Files\Microsoft SQL Server\160\DTS\Binn\;C:\Program Files\MongoDB\mongosh-2.3.9-win32-x64\bin;C:\Windows\System32\OpenSSH;C:\Program Files\nodejs\;C:\hadoop\bin;C:\hadoop\sbin;C:\Program Files\MongoDB\Server\8.0\bin;;C:\WINDOWS\system32;C:\WINDOWS;C:\WINDOWS\System32\Wbem;C:\WINDOWS\System32\WindowsPowerShell\v1.0\;C:\WINDOWS\System32\OpenSSH\;C:\Program Files\Docker\Docker\resources\bin;C:\Users\mateb\AppData\Local\Programs\Python\Python312\Scripts;C:\Users\mateb\AppData\Local\Programs\Python\Python312\;C:\Users\mateb\AppData\Local\Microsoft\WindowsApps;C:\Microsoft VS Code\bin;C:\Program Files\JetBrains\IntelliJ IDEA Community Edition 2022.3.2\bin;C:\OpenCv\opencv\build;C:\Program Files\JetBrains\PyCharm Community Edition 2023.2.1\bin;C:\Program Files\JetBrains\IntelliJ IDEA 2023.1.3\bin;C:\Program Files\JetBrains\PyCharm 2024.1\bin;C:\Users\mateb\AppData\Roaming\nvm;C:\Program Files\nodejs;C:\keycloak-25.0.5\bin;C:\Users\mateb\AppData\Local\Android\Sdk\platform-tools;C:\kubernetes;C:\java projects\innowise project\k8s;C:\Windows\System32\OpenSSH;C:\Users\mateb\AppData\Roaming\npm;C:\Java\jdk-21.0.6\bin;C:\hadoop\bin;C:\Users\mateb\AppData\Local\JetBrains\Toolbox\scripts;;C:\Program Files\JetBrains\IntelliJ IDEA Community Edition 2024.1\bin;;C:\cursor\resources\app\bin
USERNAME=mateb
OS=Windows_NT
PROCESSOR_IDENTIFIER=AMD64 Family 23 Model 24 Stepping 1, AuthenticAMD
TMP=C:\Users\mateb\AppData\Local\Temp
TEMP=C:\Users\mateb\AppData\Local\Temp




Periodic native trim disabled

---------------  S Y S T E M  ---------------

OS:
 Windows 11 , 64 bit Build 26100 (10.0.26100.7920)
OS uptime: 14 days 2:24 hours
Hyper-V role detected

CPU: total 8 (initial active 8) (8 cores per cpu, 2 threads per core) family 23 model 24 stepping 1 microcode 0x8108109, cx8, cmov, fxsr, ht, mmx, 3dnowpref, sse, sse2, sse3, ssse3, sse4a, sse4.1, sse4.2, popcnt, lzcnt, tsc, tscinvbit, avx, avx2, aes, clmul, bmi1, bmi2, adx, sha, fma, vzeroupper, clflush, clflushopt, hv, rdtscp, f16c
Processor Information for the first 8 processors :
  Max Mhz: 2100, Current Mhz: 2100, Mhz Limit: 2100

Memory: 4k page, system-wide physical 7103M (451M free)
TotalPageFile size 28607M (AvailPageFile size 0M)
current process WorkingSet (physical memory assigned to process): 240M, peak: 324M
current process commit charge ("private bytes"): 376M, peak: 404M

vm_info: OpenJDK 64-Bit Server VM (21.0.10+7-LTS) for windows-amd64 JRE (21.0.10+7-LTS), built on 2026-01-15T22:13:46Z by "Administrator" with MS VC++ 17.14 (VS2022)

END.
